// Jest Snapshot v1, https://goo.gl/fbAQLP

exports[`AppBar should render successfully 1`] = `
<div>
  <header
    class="MuiPaper-root MuiPaper-elevation MuiPaper-elevation0 MuiAppBar-root MuiAppBar-colorTransparent MuiAppBar-positionStatic css-jyud63-MuiPaper-root-MuiAppBar-root"
  >
    <div
      class="MuiToolbar-root MuiToolbar-gutters MuiToolbar-regular css-1t018ql-MuiToolbar-root"
    >
      <h6
        class="MuiTypography-root MuiTypography-h6 MuiTypography-noWrap css-uh02xs-MuiTypography-root"
      >
        <a
          class="MuiTypography-root MuiTypography-inherit MuiLink-root MuiLink-underlineHover css-1a3i5r6-MuiTypography-root-MuiLink-root"
          href="http://localhost:4200/"
        >
          waweb
        </a>
      </h6>
    </div>
  </header>
</div>
`;
